
Memory Configuration

Name             Origin             Length             Attributes
*default*        0x0000000000000000 0xffffffffffffffff

Linker script and memory map

                0x0000000000000000                . = 0x0

.text           0x0000000000000000      0x280
 *(vector_start)
 *(.text .rodata)
 .text          0x0000000000000000       0xd4 build/Entry.os
                0x0000000000000000                vector_start
                0x000000000000003c                vector_end
 .text          0x00000000000000d4       0x6c build/Main.o
                0x00000000000000d4                main
 .rodata        0x0000000000000140        0xc build/Main.o
 .text          0x000000000000014c        0x0 build/Regs.o
 .text          0x000000000000014c       0xd4 build/Uart.o
                0x000000000000014c                Hal_uart_init
                0x00000000000001c4                Hal_uart_put_char
 .text          0x0000000000000220       0x60 build/stdio.o
                0x0000000000000220                putstr

.glue_7         0x0000000000000280        0x0
 .glue_7        0x0000000000000280        0x0 linker stubs

.glue_7t        0x0000000000000280        0x0
 .glue_7t       0x0000000000000280        0x0 linker stubs

.vfp11_veneer   0x0000000000000280        0x0
 .vfp11_veneer  0x0000000000000280        0x0 linker stubs

.v4_bx          0x0000000000000280        0x0
 .v4_bx         0x0000000000000280        0x0 linker stubs

.iplt           0x0000000000000280        0x0
 .iplt          0x0000000000000280        0x0 build/Entry.os

.rel.dyn        0x0000000000000280        0x0
 .rel.iplt      0x0000000000000280        0x0 build/Entry.os

.data           0x0000000000000280        0x4
 *(.data)
 .data          0x0000000000000280        0x0 build/Entry.os
 .data          0x0000000000000280        0x0 build/Main.o
 .data          0x0000000000000280        0x4 build/Regs.o
                0x0000000000000280                Uart
 .data          0x0000000000000284        0x0 build/Uart.o
 .data          0x0000000000000284        0x0 build/stdio.o

.igot.plt       0x0000000000000284        0x0
 .igot.plt      0x0000000000000284        0x0 build/Entry.os

.bss            0x0000000000000284        0x0
 *(.bss)
 .bss           0x0000000000000284        0x0 build/Entry.os
 .bss           0x0000000000000284        0x0 build/Main.o
 .bss           0x0000000000000284        0x0 build/Regs.o
 .bss           0x0000000000000284        0x0 build/Uart.o
 .bss           0x0000000000000284        0x0 build/stdio.o
LOAD build/Entry.os
LOAD build/Main.o
LOAD build/Regs.o
LOAD build/Uart.o
LOAD build/stdio.o
OUTPUT(build/navilos.axf elf32-littlearm)

.ARM.attributes
                0x0000000000000000       0x33
 .ARM.attributes
                0x0000000000000000       0x25 build/Entry.os
 .ARM.attributes
                0x0000000000000025       0x37 build/Main.o
 .ARM.attributes
                0x000000000000005c       0x37 build/Regs.o
 .ARM.attributes
                0x0000000000000093       0x37 build/Uart.o
 .ARM.attributes
                0x00000000000000ca       0x37 build/stdio.o

.comment        0x0000000000000000       0x31
 .comment       0x0000000000000000       0x31 build/Main.o
                                         0x32 (size before relaxing)
 .comment       0x0000000000000031       0x32 build/Regs.o
 .comment       0x0000000000000031       0x32 build/Uart.o
 .comment       0x0000000000000031       0x32 build/stdio.o

.debug_line     0x0000000000000000      0x1d6
 .debug_line    0x0000000000000000       0x6d build/Entry.os
 .debug_line    0x000000000000006d       0x58 build/Main.o
 .debug_line    0x00000000000000c5       0x4e build/Regs.o
 .debug_line    0x0000000000000113       0x6d build/Uart.o
 .debug_line    0x0000000000000180       0x56 build/stdio.o

.debug_info     0x0000000000000000     0x16cc
 .debug_info    0x0000000000000000       0x4c build/Entry.os
 .debug_info    0x000000000000004c       0x98 build/Main.o
 .debug_info    0x00000000000000e4      0xa7d build/Regs.o
 .debug_info    0x0000000000000b61      0xabe build/Uart.o
 .debug_info    0x000000000000161f       0xad build/stdio.o

.debug_abbrev   0x0000000000000000      0x316
 .debug_abbrev  0x0000000000000000       0x14 build/Entry.os
 .debug_abbrev  0x0000000000000014       0x74 build/Main.o
 .debug_abbrev  0x0000000000000088       0xe4 build/Regs.o
 .debug_abbrev  0x000000000000016c      0x129 build/Uart.o
 .debug_abbrev  0x0000000000000295       0x81 build/stdio.o

.debug_aranges  0x0000000000000000       0x98
 .debug_aranges
                0x0000000000000000       0x20 build/Entry.os
 .debug_aranges
                0x0000000000000020       0x20 build/Main.o
 .debug_aranges
                0x0000000000000040       0x18 build/Regs.o
 .debug_aranges
                0x0000000000000058       0x20 build/Uart.o
 .debug_aranges
                0x0000000000000078       0x20 build/stdio.o

.debug_str      0x0000000000000000      0x423
 .debug_str     0x0000000000000000       0xcd build/Main.o
                                         0xe6 (size before relaxing)
 .debug_str     0x00000000000000cd      0x30b build/Regs.o
                                        0x3d8 (size before relaxing)
 .debug_str     0x00000000000003d8       0x38 build/Uart.o
                                        0x400 (size before relaxing)
 .debug_str     0x0000000000000410       0x13 build/stdio.o
                                         0xe5 (size before relaxing)

.debug_frame    0x0000000000000000       0xcc
 .debug_frame   0x0000000000000000       0x4c build/Main.o
 .debug_frame   0x000000000000004c       0x50 build/Uart.o
 .debug_frame   0x000000000000009c       0x30 build/stdio.o
