
Memory Configuration

Name             Origin             Length             Attributes
*default*        0x0000000000000000 0xffffffffffffffff

Linker script and memory map

                0x0000000000000000                . = 0x0

.text           0x0000000000000000      0x104
 *(vector_start)
 *(.text .rodata)
 .text          0x0000000000000000       0xd4 build/Entry.os
                0x0000000000000000                vector_start
                0x000000000000003c                vector_end
 .text          0x00000000000000d4       0x30 build/Main.o
                0x00000000000000d4                main

.glue_7         0x0000000000000104        0x0
 .glue_7        0x0000000000000104        0x0 linker stubs

.glue_7t        0x0000000000000104        0x0
 .glue_7t       0x0000000000000104        0x0 linker stubs

.vfp11_veneer   0x0000000000000104        0x0
 .vfp11_veneer  0x0000000000000104        0x0 linker stubs

.v4_bx          0x0000000000000104        0x0
 .v4_bx         0x0000000000000104        0x0 linker stubs

.iplt           0x0000000000000104        0x0
 .iplt          0x0000000000000104        0x0 build/Entry.os

.rel.dyn        0x0000000000000104        0x0
 .rel.iplt      0x0000000000000104        0x0 build/Entry.os

.data           0x0000000000000104        0x0
 *(.data)
 .data          0x0000000000000104        0x0 build/Entry.os
 .data          0x0000000000000104        0x0 build/Main.o

.igot.plt       0x0000000000000104        0x0
 .igot.plt      0x0000000000000104        0x0 build/Entry.os

.bss            0x0000000000000104        0x0
 *(.bss)
 .bss           0x0000000000000104        0x0 build/Entry.os
 .bss           0x0000000000000104        0x0 build/Main.o
LOAD build/Entry.os
LOAD build/Main.o
OUTPUT(build/navilos.axf elf32-littlearm)

.ARM.attributes
                0x0000000000000000       0x33
 .ARM.attributes
                0x0000000000000000       0x25 build/Entry.os
 .ARM.attributes
                0x0000000000000025       0x37 build/Main.o

.comment        0x0000000000000000       0x31
 .comment       0x0000000000000000       0x31 build/Main.o
                                         0x32 (size before relaxing)

.debug_line     0x0000000000000000       0xbd
 .debug_line    0x0000000000000000       0x6d build/Entry.os
 .debug_line    0x000000000000006d       0x50 build/Main.o

.debug_info     0x0000000000000000       0xdf
 .debug_info    0x0000000000000000       0x4c build/Entry.os
 .debug_info    0x000000000000004c       0x93 build/Main.o

.debug_abbrev   0x0000000000000000       0x7d
 .debug_abbrev  0x0000000000000000       0x14 build/Entry.os
 .debug_abbrev  0x0000000000000014       0x69 build/Main.o

.debug_aranges  0x0000000000000000       0x40
 .debug_aranges
                0x0000000000000000       0x20 build/Entry.os
 .debug_aranges
                0x0000000000000020       0x20 build/Main.o

.debug_str      0x0000000000000000       0xc6
 .debug_str     0x0000000000000000       0xc6 build/Main.o
                                         0xdf (size before relaxing)

.debug_frame    0x0000000000000000       0x30
 .debug_frame   0x0000000000000000       0x30 build/Main.o
