Archive member included to satisfy reference by file (symbol)

/usr/lib/gcc/arm-none-eabi/6.3.1/libgcc.a(_udivsi3.o)
                              build/stdio.o (__aeabi_uidiv)
/usr/lib/gcc/arm-none-eabi/6.3.1/libgcc.a(_dvmd_tls.o)
                              /usr/lib/gcc/arm-none-eabi/6.3.1/libgcc.a(_udivsi3.o) (__aeabi_idiv0)

Memory Configuration

Name             Origin             Length             Attributes
*default*        0x0000000000000000 0xffffffffffffffff

Linker script and memory map

LOAD build/Entry.os
LOAD build/Main.o
LOAD build/Handler.o
LOAD build/Regs.o
LOAD build/Interrupt.o
LOAD build/Uart.o
LOAD build/Timer.o
LOAD build/stdlib.o
LOAD build/stdio.o
LOAD build/armcpu.o
LOAD build/task.o
LOAD build/Kernel.o
LOAD /usr/lib/gcc/arm-none-eabi/6.3.1/libgcc.a
                0x0000000000000000                . = 0x0

.text           0x0000000000000000     0x1544
 *(vector_start)
 *(.text .rodata)
 .text          0x0000000000000000       0xd4 build/Entry.os
                0x0000000000000000                vector_start
                0x000000000000003c                vector_end
 .text          0x00000000000000d4      0x2c0 build/Main.o
                0x00000000000000d4                main
                0x0000000000000304                User_task0
                0x0000000000000334                User_task1
                0x0000000000000364                User_task2
 .rodata        0x0000000000000394      0x14e build/Main.o
 *fill*         0x00000000000004e2        0x2 
 .text          0x00000000000004e4       0x24 build/Handler.o
                0x00000000000004e4                Irq_Handler
                0x0000000000000500                Fiq_Handler
 .text          0x0000000000000508        0x0 build/Regs.o
 .text          0x0000000000000508      0x2ec build/Interrupt.o
                0x0000000000000508                Hal_interrupt_init
                0x00000000000005a4                Hal_interrupt_enable
                0x0000000000000668                Hal_interrupt_disable
                0x0000000000000734                Hal_interrupt_register_handler
                0x000000000000076c                Hal_interrupt_run_handler
 .text          0x00000000000007f4      0x1b4 build/Uart.o
                0x00000000000007f4                Hal_uart_init
                0x0000000000000894                Hal_uart_put_char
                0x00000000000008f0                Hal_uart_get_char
 .text          0x00000000000009a8      0x210 build/Timer.o
                0x00000000000009a8                Hal_timer_init
                0x0000000000000b4c                Hal_timer_get_1ms_counter
 .text          0x0000000000000bb8       0x48 build/stdlib.o
                0x0000000000000bb8                delay
 .text          0x0000000000000c00      0x448 build/stdio.o
                0x0000000000000c00                putstr
                0x0000000000000c60                debug_printf
                0x0000000000000cb0                vsprintf
                0x0000000000000f34                utoa
 .rodata        0x0000000000001048        0x7 build/stdio.o
 *fill*         0x000000000000104f        0x1 
 .text          0x0000000000001050       0xb0 build/armcpu.o
                0x0000000000001050                enable_irq
                0x000000000000107c                enable_fiq
                0x00000000000010a8                disable_irq
                0x00000000000010d4                disable_fiq
 .text          0x0000000000001100      0x304 build/task.o
                0x0000000000001100                Kernel_task_init
                0x0000000000001208                Kernel_task_start
                0x0000000000001244                Kernel_task_create
                0x00000000000012d8                Kernel_task_scheduler
                0x0000000000001330                Kernel_task_context_switching
 .text          0x0000000000001404       0x28 build/Kernel.o
                0x0000000000001404                Kernel_start
                0x0000000000001418                Kernel_yield
 .text          0x000000000000142c      0x114 /usr/lib/gcc/arm-none-eabi/6.3.1/libgcc.a(_udivsi3.o)
                0x000000000000142c                __udivsi3
                0x000000000000142c                __aeabi_uidiv
                0x0000000000001520                __aeabi_uidivmod
 .text          0x0000000000001540        0x4 /usr/lib/gcc/arm-none-eabi/6.3.1/libgcc.a(_dvmd_tls.o)
                0x0000000000001540                __aeabi_ldiv0
                0x0000000000001540                __aeabi_idiv0

.glue_7         0x0000000000001544        0x0
 .glue_7        0x0000000000001544        0x0 linker stubs

.glue_7t        0x0000000000001544        0x0
 .glue_7t       0x0000000000001544        0x0 linker stubs

.vfp11_veneer   0x0000000000001544        0x0
 .vfp11_veneer  0x0000000000001544        0x0 linker stubs

.v4_bx          0x0000000000001544        0x0
 .v4_bx         0x0000000000001544        0x0 linker stubs

.iplt           0x0000000000001544        0x0
 .iplt          0x0000000000001544        0x0 build/Entry.os

.rel.dyn        0x0000000000001544        0x0
 .rel.iplt      0x0000000000001544        0x0 build/Entry.os

.data           0x0000000000001544       0x10
 *(.data)
 .data          0x0000000000001544        0x0 build/Entry.os
 .data          0x0000000000001544        0x0 build/Main.o
 .data          0x0000000000001544        0x0 build/Handler.o
 .data          0x0000000000001544       0x10 build/Regs.o
                0x0000000000001544                Uart
                0x0000000000001548                GicCpu
                0x000000000000154c                GicDist
                0x0000000000001550                Timer
 .data          0x0000000000001554        0x0 build/Interrupt.o
 .data          0x0000000000001554        0x0 build/Uart.o
 .data          0x0000000000001554        0x0 build/Timer.o
 .data          0x0000000000001554        0x0 build/stdlib.o
 .data          0x0000000000001554        0x0 build/stdio.o
 .data          0x0000000000001554        0x0 build/armcpu.o
 .data          0x0000000000001554        0x0 build/task.o
 .data          0x0000000000001554        0x0 build/Kernel.o
 .data          0x0000000000001554        0x0 /usr/lib/gcc/arm-none-eabi/6.3.1/libgcc.a(_udivsi3.o)
 .data          0x0000000000001554        0x0 /usr/lib/gcc/arm-none-eabi/6.3.1/libgcc.a(_dvmd_tls.o)

.igot.plt       0x0000000000001554        0x0
 .igot.plt      0x0000000000001554        0x0 build/Entry.os

.bss            0x0000000000001554      0xa10
 *(.bss)
 .bss           0x0000000000001554        0x0 build/Entry.os
 .bss           0x0000000000001554        0x0 build/Main.o
 .bss           0x0000000000001554        0x0 build/Handler.o
 .bss           0x0000000000001554        0x0 build/Regs.o
 .bss           0x0000000000001554      0x3fc build/Interrupt.o
 .bss           0x0000000000001950        0x0 build/Uart.o
 .bss           0x0000000000001950        0x4 build/Timer.o
 .bss           0x0000000000001954        0x0 build/stdlib.o
 .bss           0x0000000000001954      0x400 build/stdio.o
 .bss           0x0000000000001d54        0x0 build/armcpu.o
 .bss           0x0000000000001d54      0x210 build/task.o
 .bss           0x0000000000001f64        0x0 build/Kernel.o
 .bss           0x0000000000001f64        0x0 /usr/lib/gcc/arm-none-eabi/6.3.1/libgcc.a(_udivsi3.o)
 .bss           0x0000000000001f64        0x0 /usr/lib/gcc/arm-none-eabi/6.3.1/libgcc.a(_dvmd_tls.o)
OUTPUT(build/navilos.axf elf32-littlearm)

.ARM.attributes
                0x0000000000000000       0x33
 .ARM.attributes
                0x0000000000000000       0x25 build/Entry.os
 .ARM.attributes
                0x0000000000000025       0x37 build/Main.o
 .ARM.attributes
                0x000000000000005c       0x37 build/Handler.o
 .ARM.attributes
                0x0000000000000093       0x37 build/Regs.o
 .ARM.attributes
                0x00000000000000ca       0x37 build/Interrupt.o
 .ARM.attributes
                0x0000000000000101       0x37 build/Uart.o
 .ARM.attributes
                0x0000000000000138       0x37 build/Timer.o
 .ARM.attributes
                0x000000000000016f       0x37 build/stdlib.o
 .ARM.attributes
                0x00000000000001a6       0x37 build/stdio.o
 .ARM.attributes
                0x00000000000001dd       0x37 build/armcpu.o
 .ARM.attributes
                0x0000000000000214       0x37 build/task.o
 .ARM.attributes
                0x000000000000024b       0x37 build/Kernel.o
 .ARM.attributes
                0x0000000000000282       0x18 /usr/lib/gcc/arm-none-eabi/6.3.1/libgcc.a(_udivsi3.o)
 .ARM.attributes
                0x000000000000029a       0x18 /usr/lib/gcc/arm-none-eabi/6.3.1/libgcc.a(_dvmd_tls.o)

.comment        0x0000000000000000       0x31
 .comment       0x0000000000000000       0x31 build/Main.o
                                         0x32 (size before relaxing)
 .comment       0x0000000000000031       0x32 build/Handler.o
 .comment       0x0000000000000031       0x32 build/Regs.o
 .comment       0x0000000000000031       0x32 build/Interrupt.o
 .comment       0x0000000000000031       0x32 build/Uart.o
 .comment       0x0000000000000031       0x32 build/Timer.o
 .comment       0x0000000000000031       0x32 build/stdlib.o
 .comment       0x0000000000000031       0x32 build/stdio.o
 .comment       0x0000000000000031       0x32 build/armcpu.o
 .comment       0x0000000000000031       0x32 build/task.o
 .comment       0x0000000000000031       0x32 build/Kernel.o

.debug_line     0x0000000000000000      0x6e0
 .debug_line    0x0000000000000000       0x6d build/Entry.os
 .debug_line    0x000000000000006d       0xae build/Main.o
 .debug_line    0x000000000000011b       0x46 build/Handler.o
 .debug_line    0x0000000000000161       0x68 build/Regs.o
 .debug_line    0x00000000000001c9       0xca build/Interrupt.o
 .debug_line    0x0000000000000293       0x83 build/Uart.o
 .debug_line    0x0000000000000316       0x7a build/Timer.o
 .debug_line    0x0000000000000390       0x5a build/stdlib.o
 .debug_line    0x00000000000003ea       0xc6 build/stdio.o
 .debug_line    0x00000000000004b0       0x57 build/armcpu.o
 .debug_line    0x0000000000000507       0xc2 build/task.o
 .debug_line    0x00000000000005c9       0x44 build/Kernel.o
 .debug_line    0x000000000000060d       0x78 /usr/lib/gcc/arm-none-eabi/6.3.1/libgcc.a(_udivsi3.o)
 .debug_line    0x0000000000000685       0x5b /usr/lib/gcc/arm-none-eabi/6.3.1/libgcc.a(_dvmd_tls.o)

.debug_info     0x0000000000000000     0x2f4b
 .debug_info    0x0000000000000000       0x4c build/Entry.os
 .debug_info    0x000000000000004c      0x1ba build/Main.o
 .debug_info    0x0000000000000206       0x80 build/Handler.o
 .debug_info    0x0000000000000286     0x1111 build/Regs.o
 .debug_info    0x0000000000001397      0x62c build/Interrupt.o
 .debug_info    0x00000000000019c3      0xb09 build/Uart.o
 .debug_info    0x00000000000024cc      0x29b build/Timer.o
 .debug_info    0x0000000000002767       0x96 build/stdlib.o
 .debug_info    0x00000000000027fd      0x295 build/stdio.o
 .debug_info    0x0000000000002a92       0x6a build/armcpu.o
 .debug_info    0x0000000000002afc      0x26c build/task.o
 .debug_info    0x0000000000002d68       0x87 build/Kernel.o
 .debug_info    0x0000000000002def       0xae /usr/lib/gcc/arm-none-eabi/6.3.1/libgcc.a(_udivsi3.o)
 .debug_info    0x0000000000002e9d       0xae /usr/lib/gcc/arm-none-eabi/6.3.1/libgcc.a(_dvmd_tls.o)

.debug_abbrev   0x0000000000000000      0x9b4
 .debug_abbrev  0x0000000000000000       0x14 build/Entry.os
 .debug_abbrev  0x0000000000000014       0xc7 build/Main.o
 .debug_abbrev  0x00000000000000db       0x5a build/Handler.o
 .debug_abbrev  0x0000000000000135      0x102 build/Regs.o
 .debug_abbrev  0x0000000000000237      0x17a build/Interrupt.o
 .debug_abbrev  0x00000000000003b1      0x17b build/Uart.o
 .debug_abbrev  0x000000000000052c      0x118 build/Timer.o
 .debug_abbrev  0x0000000000000644       0x6d build/stdlib.o
 .debug_abbrev  0x00000000000006b1      0x11f build/stdio.o
 .debug_abbrev  0x00000000000007d0       0x2c build/armcpu.o
 .debug_abbrev  0x00000000000007fc      0x14e build/task.o
 .debug_abbrev  0x000000000000094a       0x42 build/Kernel.o
 .debug_abbrev  0x000000000000098c       0x14 /usr/lib/gcc/arm-none-eabi/6.3.1/libgcc.a(_udivsi3.o)
 .debug_abbrev  0x00000000000009a0       0x14 /usr/lib/gcc/arm-none-eabi/6.3.1/libgcc.a(_dvmd_tls.o)

.debug_aranges  0x0000000000000000      0x1b8
 .debug_aranges
                0x0000000000000000       0x20 build/Entry.os
 .debug_aranges
                0x0000000000000020       0x20 build/Main.o
 .debug_aranges
                0x0000000000000040       0x20 build/Handler.o
 .debug_aranges
                0x0000000000000060       0x18 build/Regs.o
 .debug_aranges
                0x0000000000000078       0x20 build/Interrupt.o
 .debug_aranges
                0x0000000000000098       0x20 build/Uart.o
 .debug_aranges
                0x00000000000000b8       0x20 build/Timer.o
 .debug_aranges
                0x00000000000000d8       0x20 build/stdlib.o
 .debug_aranges
                0x00000000000000f8       0x20 build/stdio.o
 .debug_aranges
                0x0000000000000118       0x20 build/armcpu.o
 .debug_aranges
                0x0000000000000138       0x20 build/task.o
 .debug_aranges
                0x0000000000000158       0x20 build/Kernel.o
 .debug_aranges
                0x0000000000000178       0x20 /usr/lib/gcc/arm-none-eabi/6.3.1/libgcc.a(_udivsi3.o)
 .debug_aranges
                0x0000000000000198       0x20 /usr/lib/gcc/arm-none-eabi/6.3.1/libgcc.a(_dvmd_tls.o)

.debug_str      0x0000000000000000      0xae5
 .debug_str     0x0000000000000000      0x150 build/Main.o
                                        0x16e (size before relaxing)
 .debug_str     0x0000000000000150       0x27 build/Handler.o
                                        0x103 (size before relaxing)
 .debug_str     0x0000000000000177      0x5ac build/Regs.o
                                        0x6a1 (size before relaxing)
 .debug_str     0x0000000000000723       0xbb build/Interrupt.o
                                        0x3b0 (size before relaxing)
 .debug_str     0x00000000000007de       0x61 build/Uart.o
                                        0x441 (size before relaxing)
 .debug_str     0x000000000000083f       0x5d build/Timer.o
                                        0x24a (size before relaxing)
 .debug_str     0x000000000000089c       0x18 build/stdlib.o
                                         0xfd (size before relaxing)
 .debug_str     0x00000000000008b4       0x73 build/stdio.o
                                        0x17b (size before relaxing)
 .debug_str     0x0000000000000927       0x3b build/armcpu.o
                                         0xae (size before relaxing)
 .debug_str     0x0000000000000962      0x159 build/task.o
                                        0x24f (size before relaxing)
 .debug_str     0x0000000000000abb       0x2a build/Kernel.o
                                        0x10f (size before relaxing)

.debug_frame    0x0000000000000000      0x5a0
 .debug_frame   0x0000000000000000       0xfc build/Main.o
 .debug_frame   0x00000000000000fc       0x50 build/Handler.o
 .debug_frame   0x000000000000014c       0xb0 build/Interrupt.o
 .debug_frame   0x00000000000001fc       0x8c build/Uart.o
 .debug_frame   0x0000000000000288       0x70 build/Timer.o
 .debug_frame   0x00000000000002f8       0x30 build/stdlib.o
 .debug_frame   0x0000000000000328       0xac build/stdio.o
 .debug_frame   0x00000000000003d4       0x90 build/armcpu.o
 .debug_frame   0x0000000000000464       0xd4 build/task.o
 .debug_frame   0x0000000000000538       0x48 build/Kernel.o
 .debug_frame   0x0000000000000580       0x20 /usr/lib/gcc/arm-none-eabi/6.3.1/libgcc.a(_udivsi3.o)
