Archive member included to satisfy reference by file (symbol)

/usr/lib/gcc/arm-none-eabi/6.3.1/libgcc.a(_udivsi3.o)
                              build/stdio.o (__aeabi_uidiv)
/usr/lib/gcc/arm-none-eabi/6.3.1/libgcc.a(_dvmd_tls.o)
                              /usr/lib/gcc/arm-none-eabi/6.3.1/libgcc.a(_udivsi3.o) (__aeabi_idiv0)

Allocating common symbols
Common symbol       size              file

sMsgQ               0x618             build/msg.o
sMutex              0x8               build/synch.o

Memory Configuration

Name             Origin             Length             Attributes
*default*        0x0000000000000000 0xffffffffffffffff

Linker script and memory map

LOAD build/Entry.os
LOAD build/Main.o
LOAD build/Handler.o
LOAD build/Regs.o
LOAD build/Interrupt.o
LOAD build/Uart.o
LOAD build/Timer.o
LOAD build/stdlib.o
LOAD build/stdio.o
LOAD build/armcpu.o
LOAD build/task.o
LOAD build/synch.o
LOAD build/msg.o
LOAD build/event.o
LOAD build/Kernel.o
LOAD /usr/lib/gcc/arm-none-eabi/6.3.1/libgcc.a
                0x0000000000000000                . = 0x0

.text           0x0000000000000000     0x2278
 *(vector_start)
 *(.text .rodata)
 .text          0x0000000000000000       0xd4 build/Entry.os
                0x0000000000000000                vector_start
                0x000000000000003c                vector_end
 .text          0x00000000000000d4      0x4d0 build/Main.o
                0x00000000000000d4                main
                0x0000000000000318                User_task0
                0x000000000000042c                User_task1
                0x00000000000004f0                User_task2
 .rodata        0x00000000000005a4      0x197 build/Main.o
 *fill*         0x000000000000073b        0x1 
 .text          0x000000000000073c       0x24 build/Handler.o
                0x000000000000073c                Irq_Handler
                0x0000000000000758                Fiq_Handler
 .text          0x0000000000000760        0x0 build/Regs.o
 .text          0x0000000000000760      0x2ec build/Interrupt.o
                0x0000000000000760                Hal_interrupt_init
                0x00000000000007fc                Hal_interrupt_enable
                0x00000000000008c0                Hal_interrupt_disable
                0x000000000000098c                Hal_interrupt_register_handler
                0x00000000000009c4                Hal_interrupt_run_handler
 .text          0x0000000000000a4c      0x1fc build/Uart.o
                0x0000000000000a4c                Hal_uart_init
                0x0000000000000aec                Hal_uart_put_char
                0x0000000000000b48                Hal_uart_get_char
 .text          0x0000000000000c48      0x210 build/Timer.o
                0x0000000000000c48                Hal_timer_init
                0x0000000000000dec                Hal_timer_get_1ms_counter
 .text          0x0000000000000e58       0xa0 build/stdlib.o
                0x0000000000000e58                delay
                0x0000000000000ea0                memclr
 .text          0x0000000000000ef8      0x448 build/stdio.o
                0x0000000000000ef8                putstr
                0x0000000000000f58                debug_printf
                0x0000000000000fa8                vsprintf
                0x000000000000122c                utoa
 .rodata        0x0000000000001340        0x7 build/stdio.o
 *fill*         0x0000000000001347        0x1 
 .text          0x0000000000001348       0xb0 build/armcpu.o
                0x0000000000001348                enable_irq
                0x0000000000001374                enable_fiq
                0x00000000000013a0                disable_irq
                0x00000000000013cc                disable_fiq
 .text          0x00000000000013f8      0x320 build/task.o
                0x00000000000013f8                Kernel_task_init
                0x0000000000001500                Kernel_task_start
                0x000000000000153c                Kernel_task_create
                0x00000000000015d0                Kernel_task_get_current_task_id
                0x00000000000015f4                Kernel_task_scheduler
                0x0000000000001644                Kernel_task_context_switching
 .text          0x0000000000001718      0x224 build/synch.o
                0x0000000000001718                Kernel_sem_init
                0x0000000000001790                Kernel_sem_test
                0x00000000000017e4                Kernel_sem_release
                0x0000000000001850                Kernel_mutex_init
                0x0000000000001888                Kernel_mutex_lock
                0x00000000000018e8                Kernel_mutex_unlock
 .text          0x000000000000193c      0x3ac build/msg.o
                0x000000000000193c                Kernel_msgQ_init
                0x00000000000019a0                Kernel_msgQ_is_empty
                0x0000000000001a28                Kernel_msgQ_is_full
                0x0000000000001ab8                Kernel_msgQ_enqueue
                0x0000000000001bdc                Kernel_msgQ_dequeue
 .text          0x0000000000001ce8       0xf8 build/event.o
                0x0000000000001ce8                Kernel_event_flag_init
                0x0000000000001d10                Kernel_event_flag_set
                0x0000000000001d50                Kernel_event_flag_clear
                0x0000000000001d94                Kernel_event_flag_check
 .text          0x0000000000001de0      0x380 build/Kernel.o
                0x0000000000001de0                Kernel_start
                0x0000000000001df4                Kernel_yield
                0x0000000000001e08                Kernel_send_events
                0x0000000000001e8c                Kernel_wait_events
                0x0000000000001f28                Kernel_send_msg
                0x0000000000002000                Kernel_recv_msg
                0x0000000000002094                Kernel_lock_sem
                0x00000000000020c4                Kernel_unlock_sem
                0x00000000000020d8                Kernel_lock_mutex
                0x0000000000002120                Kernel_unlock_mutex
 .text          0x0000000000002160      0x114 /usr/lib/gcc/arm-none-eabi/6.3.1/libgcc.a(_udivsi3.o)
                0x0000000000002160                __udivsi3
                0x0000000000002160                __aeabi_uidiv
                0x0000000000002254                __aeabi_uidivmod
 .text          0x0000000000002274        0x4 /usr/lib/gcc/arm-none-eabi/6.3.1/libgcc.a(_dvmd_tls.o)
                0x0000000000002274                __aeabi_ldiv0
                0x0000000000002274                __aeabi_idiv0

.glue_7         0x0000000000002278        0x0
 .glue_7        0x0000000000002278        0x0 linker stubs

.glue_7t        0x0000000000002278        0x0
 .glue_7t       0x0000000000002278        0x0 linker stubs

.vfp11_veneer   0x0000000000002278        0x0
 .vfp11_veneer  0x0000000000002278        0x0 linker stubs

.v4_bx          0x0000000000002278        0x0
 .v4_bx         0x0000000000002278        0x0 linker stubs

.iplt           0x0000000000002278        0x0
 .iplt          0x0000000000002278        0x0 build/Entry.os

.rel.dyn        0x0000000000002278        0x0
 .rel.iplt      0x0000000000002278        0x0 build/Entry.os

.data           0x0000000000002278       0x10
 *(.data)
 .data          0x0000000000002278        0x0 build/Entry.os
 .data          0x0000000000002278        0x0 build/Main.o
 .data          0x0000000000002278        0x0 build/Handler.o
 .data          0x0000000000002278       0x10 build/Regs.o
                0x0000000000002278                Uart
                0x000000000000227c                GicCpu
                0x0000000000002280                GicDist
                0x0000000000002284                Timer
 .data          0x0000000000002288        0x0 build/Interrupt.o
 .data          0x0000000000002288        0x0 build/Uart.o
 .data          0x0000000000002288        0x0 build/Timer.o
 .data          0x0000000000002288        0x0 build/stdlib.o
 .data          0x0000000000002288        0x0 build/stdio.o
 .data          0x0000000000002288        0x0 build/armcpu.o
 .data          0x0000000000002288        0x0 build/task.o
 .data          0x0000000000002288        0x0 build/synch.o
 .data          0x0000000000002288        0x0 build/msg.o
 .data          0x0000000000002288        0x0 build/event.o
 .data          0x0000000000002288        0x0 build/Kernel.o
 .data          0x0000000000002288        0x0 /usr/lib/gcc/arm-none-eabi/6.3.1/libgcc.a(_udivsi3.o)
 .data          0x0000000000002288        0x0 /usr/lib/gcc/arm-none-eabi/6.3.1/libgcc.a(_dvmd_tls.o)

.igot.plt       0x0000000000002288        0x0
 .igot.plt      0x0000000000002288        0x0 build/Entry.os

.bss            0x0000000000002288     0x1040
 *(.bss)
 .bss           0x0000000000002288        0x0 build/Entry.os
 .bss           0x0000000000002288        0x4 build/Main.o
 .bss           0x000000000000228c        0x0 build/Handler.o
 .bss           0x000000000000228c        0x0 build/Regs.o
 .bss           0x000000000000228c      0x3fc build/Interrupt.o
 .bss           0x0000000000002688        0x0 build/Uart.o
 .bss           0x0000000000002688        0x4 build/Timer.o
 .bss           0x000000000000268c        0x0 build/stdlib.o
 .bss           0x000000000000268c      0x400 build/stdio.o
 .bss           0x0000000000002a8c        0x0 build/armcpu.o
 .bss           0x0000000000002a8c      0x210 build/task.o
 .bss           0x0000000000002c9c        0x8 build/synch.o
 .bss           0x0000000000002ca4        0x0 build/msg.o
 .bss           0x0000000000002ca4        0x4 build/event.o
 .bss           0x0000000000002ca8        0x0 build/Kernel.o
 .bss           0x0000000000002ca8        0x0 /usr/lib/gcc/arm-none-eabi/6.3.1/libgcc.a(_udivsi3.o)
 .bss           0x0000000000002ca8        0x0 /usr/lib/gcc/arm-none-eabi/6.3.1/libgcc.a(_dvmd_tls.o)
 COMMON         0x0000000000002ca8        0x8 build/synch.o
                0x0000000000002ca8                sMutex
 COMMON         0x0000000000002cb0      0x618 build/msg.o
                0x0000000000002cb0                sMsgQ
OUTPUT(build/navilos.axf elf32-littlearm)

.ARM.attributes
                0x0000000000000000       0x33
 .ARM.attributes
                0x0000000000000000       0x25 build/Entry.os
 .ARM.attributes
                0x0000000000000025       0x37 build/Main.o
 .ARM.attributes
                0x000000000000005c       0x37 build/Handler.o
 .ARM.attributes
                0x0000000000000093       0x37 build/Regs.o
 .ARM.attributes
                0x00000000000000ca       0x37 build/Interrupt.o
 .ARM.attributes
                0x0000000000000101       0x37 build/Uart.o
 .ARM.attributes
                0x0000000000000138       0x37 build/Timer.o
 .ARM.attributes
                0x000000000000016f       0x37 build/stdlib.o
 .ARM.attributes
                0x00000000000001a6       0x37 build/stdio.o
 .ARM.attributes
                0x00000000000001dd       0x37 build/armcpu.o
 .ARM.attributes
                0x0000000000000214       0x37 build/task.o
 .ARM.attributes
                0x000000000000024b       0x37 build/synch.o
 .ARM.attributes
                0x0000000000000282       0x37 build/msg.o
 .ARM.attributes
                0x00000000000002b9       0x37 build/event.o
 .ARM.attributes
                0x00000000000002f0       0x37 build/Kernel.o
 .ARM.attributes
                0x0000000000000327       0x18 /usr/lib/gcc/arm-none-eabi/6.3.1/libgcc.a(_udivsi3.o)
 .ARM.attributes
                0x000000000000033f       0x18 /usr/lib/gcc/arm-none-eabi/6.3.1/libgcc.a(_dvmd_tls.o)

.comment        0x0000000000000000       0x31
 .comment       0x0000000000000000       0x31 build/Main.o
                                         0x32 (size before relaxing)
 .comment       0x0000000000000031       0x32 build/Handler.o
 .comment       0x0000000000000031       0x32 build/Regs.o
 .comment       0x0000000000000031       0x32 build/Interrupt.o
 .comment       0x0000000000000031       0x32 build/Uart.o
 .comment       0x0000000000000031       0x32 build/Timer.o
 .comment       0x0000000000000031       0x32 build/stdlib.o
 .comment       0x0000000000000031       0x32 build/stdio.o
 .comment       0x0000000000000031       0x32 build/armcpu.o
 .comment       0x0000000000000031       0x32 build/task.o
 .comment       0x0000000000000031       0x32 build/synch.o
 .comment       0x0000000000000031       0x32 build/msg.o
 .comment       0x0000000000000031       0x32 build/event.o
 .comment       0x0000000000000031       0x32 build/Kernel.o

.debug_line     0x0000000000000000      0x9b5
 .debug_line    0x0000000000000000       0x6d build/Entry.os
 .debug_line    0x000000000000006d      0x102 build/Main.o
 .debug_line    0x000000000000016f       0x46 build/Handler.o
 .debug_line    0x00000000000001b5       0x68 build/Regs.o
 .debug_line    0x000000000000021d       0xca build/Interrupt.o
 .debug_line    0x00000000000002e7       0xa6 build/Uart.o
 .debug_line    0x000000000000038d       0x7a build/Timer.o
 .debug_line    0x0000000000000407       0x60 build/stdlib.o
 .debug_line    0x0000000000000467       0xc6 build/stdio.o
 .debug_line    0x000000000000052d       0x57 build/armcpu.o
 .debug_line    0x0000000000000584       0xc3 build/task.o
 .debug_line    0x0000000000000647       0x9a build/synch.o
 .debug_line    0x00000000000006e1       0x99 build/msg.o
 .debug_line    0x000000000000077a       0x6c build/event.o
 .debug_line    0x00000000000007e6       0xfc build/Kernel.o
 .debug_line    0x00000000000008e2       0x78 /usr/lib/gcc/arm-none-eabi/6.3.1/libgcc.a(_udivsi3.o)
 .debug_line    0x000000000000095a       0x5b /usr/lib/gcc/arm-none-eabi/6.3.1/libgcc.a(_dvmd_tls.o)

.debug_info     0x0000000000000000     0x3c74
 .debug_info    0x0000000000000000       0x4c build/Entry.os
 .debug_info    0x000000000000004c      0x3d6 build/Main.o
 .debug_info    0x0000000000000422       0x80 build/Handler.o
 .debug_info    0x00000000000004a2     0x1111 build/Regs.o
 .debug_info    0x00000000000015b3      0x62c build/Interrupt.o
 .debug_info    0x0000000000001bdf      0xc48 build/Uart.o
 .debug_info    0x0000000000002827      0x29b build/Timer.o
 .debug_info    0x0000000000002ac2       0xe7 build/stdlib.o
 .debug_info    0x0000000000002ba9      0x295 build/stdio.o
 .debug_info    0x0000000000002e3e       0x6a build/armcpu.o
 .debug_info    0x0000000000002ea8      0x281 build/task.o
 .debug_info    0x0000000000003129      0x185 build/synch.o
 .debug_info    0x00000000000032ae      0x242 build/msg.o
 .debug_info    0x00000000000034f0      0x21c build/event.o
 .debug_info    0x000000000000370c      0x40c build/Kernel.o
 .debug_info    0x0000000000003b18       0xae /usr/lib/gcc/arm-none-eabi/6.3.1/libgcc.a(_udivsi3.o)
 .debug_info    0x0000000000003bc6       0xae /usr/lib/gcc/arm-none-eabi/6.3.1/libgcc.a(_dvmd_tls.o)

.debug_abbrev   0x0000000000000000      0xe53
 .debug_abbrev  0x0000000000000000       0x14 build/Entry.os
 .debug_abbrev  0x0000000000000014      0x123 build/Main.o
 .debug_abbrev  0x0000000000000137       0x5a build/Handler.o
 .debug_abbrev  0x0000000000000191      0x102 build/Regs.o
 .debug_abbrev  0x0000000000000293      0x17a build/Interrupt.o
 .debug_abbrev  0x000000000000040d      0x1a7 build/Uart.o
 .debug_abbrev  0x00000000000005b4      0x118 build/Timer.o
 .debug_abbrev  0x00000000000006cc       0xb5 build/stdlib.o
 .debug_abbrev  0x0000000000000781      0x11f build/stdio.o
 .debug_abbrev  0x00000000000008a0       0x2c build/armcpu.o
 .debug_abbrev  0x00000000000008cc      0x168 build/task.o
 .debug_abbrev  0x0000000000000a34       0xf9 build/synch.o
 .debug_abbrev  0x0000000000000b2d      0x131 build/msg.o
 .debug_abbrev  0x0000000000000c5e       0xcf build/event.o
 .debug_abbrev  0x0000000000000d2d       0xfe build/Kernel.o
 .debug_abbrev  0x0000000000000e2b       0x14 /usr/lib/gcc/arm-none-eabi/6.3.1/libgcc.a(_udivsi3.o)
 .debug_abbrev  0x0000000000000e3f       0x14 /usr/lib/gcc/arm-none-eabi/6.3.1/libgcc.a(_dvmd_tls.o)

.debug_aranges  0x0000000000000000      0x218
 .debug_aranges
                0x0000000000000000       0x20 build/Entry.os
 .debug_aranges
                0x0000000000000020       0x20 build/Main.o
 .debug_aranges
                0x0000000000000040       0x20 build/Handler.o
 .debug_aranges
                0x0000000000000060       0x18 build/Regs.o
 .debug_aranges
                0x0000000000000078       0x20 build/Interrupt.o
 .debug_aranges
                0x0000000000000098       0x20 build/Uart.o
 .debug_aranges
                0x00000000000000b8       0x20 build/Timer.o
 .debug_aranges
                0x00000000000000d8       0x20 build/stdlib.o
 .debug_aranges
                0x00000000000000f8       0x20 build/stdio.o
 .debug_aranges
                0x0000000000000118       0x20 build/armcpu.o
 .debug_aranges
                0x0000000000000138       0x20 build/task.o
 .debug_aranges
                0x0000000000000158       0x20 build/synch.o
 .debug_aranges
                0x0000000000000178       0x20 build/msg.o
 .debug_aranges
                0x0000000000000198       0x20 build/event.o
 .debug_aranges
                0x00000000000001b8       0x20 build/Kernel.o
 .debug_aranges
                0x00000000000001d8       0x20 /usr/lib/gcc/arm-none-eabi/6.3.1/libgcc.a(_udivsi3.o)
 .debug_aranges
                0x00000000000001f8       0x20 /usr/lib/gcc/arm-none-eabi/6.3.1/libgcc.a(_dvmd_tls.o)

.debug_str      0x0000000000000000     0x1200
 .debug_str     0x0000000000000000      0x573 build/Main.o
                                        0x591 (size before relaxing)
 .debug_str     0x0000000000000573       0x27 build/Handler.o
                                        0x103 (size before relaxing)
 .debug_str     0x000000000000059a      0x5ac build/Regs.o
                                        0x6a1 (size before relaxing)
 .debug_str     0x0000000000000b46       0xbb build/Interrupt.o
                                        0x3b0 (size before relaxing)
 .debug_str     0x0000000000000c01       0x54 build/Uart.o
                                        0x80d (size before relaxing)
 .debug_str     0x0000000000000c55       0x5d build/Timer.o
                                        0x24a (size before relaxing)
 .debug_str     0x0000000000000cb2       0x25 build/stdlib.o
                                        0x112 (size before relaxing)
 .debug_str     0x0000000000000cd7       0x73 build/stdio.o
                                        0x17b (size before relaxing)
 .debug_str     0x0000000000000d4a       0x3b build/armcpu.o
                                         0xae (size before relaxing)
 .debug_str     0x0000000000000d85      0x179 build/task.o
                                        0x26f (size before relaxing)
 .debug_str     0x0000000000000efe       0xa3 build/synch.o
                                        0x19b (size before relaxing)
 .debug_str     0x0000000000000fa1       0xa2 build/msg.o
                                        0x1f9 (size before relaxing)
 .debug_str     0x0000000000001043       0xc8 build/event.o
                                        0x4ec (size before relaxing)
 .debug_str     0x000000000000110b       0xf5 build/Kernel.o
                                        0x5e1 (size before relaxing)

.debug_frame    0x0000000000000000      0x908
 .debug_frame   0x0000000000000000      0x11c build/Main.o
 .debug_frame   0x000000000000011c       0x50 build/Handler.o
 .debug_frame   0x000000000000016c       0xb0 build/Interrupt.o
 .debug_frame   0x000000000000021c       0x8c build/Uart.o
 .debug_frame   0x00000000000002a8       0x70 build/Timer.o
 .debug_frame   0x0000000000000318       0x50 build/stdlib.o
 .debug_frame   0x0000000000000368       0xac build/stdio.o
 .debug_frame   0x0000000000000414       0x90 build/armcpu.o
 .debug_frame   0x00000000000004a4       0xf4 build/task.o
 .debug_frame   0x0000000000000598       0xd0 build/synch.o
 .debug_frame   0x0000000000000668       0xb0 build/msg.o
 .debug_frame   0x0000000000000718       0x90 build/event.o
 .debug_frame   0x00000000000007a8      0x140 build/Kernel.o
 .debug_frame   0x00000000000008e8       0x20 /usr/lib/gcc/arm-none-eabi/6.3.1/libgcc.a(_udivsi3.o)

.debug_ranges   0x0000000000000000       0x18
 .debug_ranges  0x0000000000000000       0x18 build/Kernel.o
