Archive member included to satisfy reference by file (symbol)

/usr/lib/gcc/arm-none-eabi/6.3.1/libgcc.a(_udivsi3.o)
                              build/stdio.o (__aeabi_uidiv)
/usr/lib/gcc/arm-none-eabi/6.3.1/libgcc.a(_dvmd_tls.o)
                              /usr/lib/gcc/arm-none-eabi/6.3.1/libgcc.a(_udivsi3.o) (__aeabi_idiv0)

Memory Configuration

Name             Origin             Length             Attributes
*default*        0x0000000000000000 0xffffffffffffffff

Linker script and memory map

LOAD build/Entry.os
LOAD build/Main.o
LOAD build/Regs.o
LOAD build/Uart.o
LOAD build/stdio.o
LOAD /usr/lib/gcc/arm-none-eabi/6.3.1/libgcc.a
                0x0000000000000000                . = 0x0

.text           0x0000000000000000      0x96c
 *(vector_start)
 *(.text .rodata)
 .text          0x0000000000000000       0xd4 build/Entry.os
                0x0000000000000000                vector_start
                0x000000000000003c                vector_end
 .text          0x00000000000000d4      0x138 build/Main.o
                0x00000000000000d4                main
 .rodata        0x000000000000020c       0x8b build/Main.o
 .text          0x0000000000000297        0x0 build/Regs.o
 *fill*         0x0000000000000297        0x1 
 .text          0x0000000000000298      0x15c build/Uart.o
                0x0000000000000298                Hal_uart_init
                0x0000000000000310                Hal_uart_put_char
                0x000000000000036c                Hal_uart_get_char
 .text          0x00000000000003f4      0x458 build/stdio.o
                0x00000000000003f4                putstr
                0x0000000000000454                debug_printf
                0x00000000000004a4                vsprintf
                0x0000000000000728                utoa
 .rodata        0x000000000000084c        0x7 build/stdio.o
 *fill*         0x0000000000000853        0x1 
 .text          0x0000000000000854      0x114 /usr/lib/gcc/arm-none-eabi/6.3.1/libgcc.a(_udivsi3.o)
                0x0000000000000854                __udivsi3
                0x0000000000000854                __aeabi_uidiv
                0x0000000000000948                __aeabi_uidivmod
 .text          0x0000000000000968        0x4 /usr/lib/gcc/arm-none-eabi/6.3.1/libgcc.a(_dvmd_tls.o)
                0x0000000000000968                __aeabi_ldiv0
                0x0000000000000968                __aeabi_idiv0

.glue_7         0x000000000000096c        0x0
 .glue_7        0x000000000000096c        0x0 linker stubs

.glue_7t        0x000000000000096c        0x0
 .glue_7t       0x000000000000096c        0x0 linker stubs

.vfp11_veneer   0x000000000000096c        0x0
 .vfp11_veneer  0x000000000000096c        0x0 linker stubs

.v4_bx          0x000000000000096c        0x0
 .v4_bx         0x000000000000096c        0x0 linker stubs

.iplt           0x000000000000096c        0x0
 .iplt          0x000000000000096c        0x0 build/Entry.os

.rel.dyn        0x000000000000096c        0x0
 .rel.iplt      0x000000000000096c        0x0 build/Entry.os

.data           0x000000000000096c        0x4
 *(.data)
 .data          0x000000000000096c        0x0 build/Entry.os
 .data          0x000000000000096c        0x0 build/Main.o
 .data          0x000000000000096c        0x4 build/Regs.o
                0x000000000000096c                Uart
 .data          0x0000000000000970        0x0 build/Uart.o
 .data          0x0000000000000970        0x0 build/stdio.o
 .data          0x0000000000000970        0x0 /usr/lib/gcc/arm-none-eabi/6.3.1/libgcc.a(_udivsi3.o)
 .data          0x0000000000000970        0x0 /usr/lib/gcc/arm-none-eabi/6.3.1/libgcc.a(_dvmd_tls.o)

.igot.plt       0x0000000000000970        0x0
 .igot.plt      0x0000000000000970        0x0 build/Entry.os

.bss            0x0000000000000970      0x400
 *(.bss)
 .bss           0x0000000000000970        0x0 build/Entry.os
 .bss           0x0000000000000970        0x0 build/Main.o
 .bss           0x0000000000000970        0x0 build/Regs.o
 .bss           0x0000000000000970        0x0 build/Uart.o
 .bss           0x0000000000000970      0x400 build/stdio.o
 .bss           0x0000000000000d70        0x0 /usr/lib/gcc/arm-none-eabi/6.3.1/libgcc.a(_udivsi3.o)
 .bss           0x0000000000000d70        0x0 /usr/lib/gcc/arm-none-eabi/6.3.1/libgcc.a(_dvmd_tls.o)
OUTPUT(build/navilos.axf elf32-littlearm)

.ARM.attributes
                0x0000000000000000       0x33
 .ARM.attributes
                0x0000000000000000       0x25 build/Entry.os
 .ARM.attributes
                0x0000000000000025       0x37 build/Main.o
 .ARM.attributes
                0x000000000000005c       0x37 build/Regs.o
 .ARM.attributes
                0x0000000000000093       0x37 build/Uart.o
 .ARM.attributes
                0x00000000000000ca       0x37 build/stdio.o
 .ARM.attributes
                0x0000000000000101       0x18 /usr/lib/gcc/arm-none-eabi/6.3.1/libgcc.a(_udivsi3.o)
 .ARM.attributes
                0x0000000000000119       0x18 /usr/lib/gcc/arm-none-eabi/6.3.1/libgcc.a(_dvmd_tls.o)

.comment        0x0000000000000000       0x31
 .comment       0x0000000000000000       0x31 build/Main.o
                                         0x32 (size before relaxing)
 .comment       0x0000000000000031       0x32 build/Regs.o
 .comment       0x0000000000000031       0x32 build/Uart.o
 .comment       0x0000000000000031       0x32 build/stdio.o

.debug_line     0x0000000000000000      0x33b
 .debug_line    0x0000000000000000       0x6d build/Entry.os
 .debug_line    0x000000000000006d       0x6a build/Main.o
 .debug_line    0x00000000000000d7       0x4e build/Regs.o
 .debug_line    0x0000000000000125       0x7c build/Uart.o
 .debug_line    0x00000000000001a1       0xc7 build/stdio.o
 .debug_line    0x0000000000000268       0x78 /usr/lib/gcc/arm-none-eabi/6.3.1/libgcc.a(_udivsi3.o)
 .debug_line    0x00000000000002e0       0x5b /usr/lib/gcc/arm-none-eabi/6.3.1/libgcc.a(_dvmd_tls.o)

.debug_info     0x0000000000000000     0x1ab3
 .debug_info    0x0000000000000000       0x4c build/Entry.os
 .debug_info    0x000000000000004c      0x105 build/Main.o
 .debug_info    0x0000000000000151      0xa7d build/Regs.o
 .debug_info    0x0000000000000bce      0xae6 build/Uart.o
 .debug_info    0x00000000000016b4      0x2a3 build/stdio.o
 .debug_info    0x0000000000001957       0xae /usr/lib/gcc/arm-none-eabi/6.3.1/libgcc.a(_udivsi3.o)
 .debug_info    0x0000000000001a05       0xae /usr/lib/gcc/arm-none-eabi/6.3.1/libgcc.a(_dvmd_tls.o)

.debug_abbrev   0x0000000000000000      0x440
 .debug_abbrev  0x0000000000000000       0x14 build/Entry.os
 .debug_abbrev  0x0000000000000014       0xad build/Main.o
 .debug_abbrev  0x00000000000000c1       0xe4 build/Regs.o
 .debug_abbrev  0x00000000000001a5      0x154 build/Uart.o
 .debug_abbrev  0x00000000000002f9      0x11f build/stdio.o
 .debug_abbrev  0x0000000000000418       0x14 /usr/lib/gcc/arm-none-eabi/6.3.1/libgcc.a(_udivsi3.o)
 .debug_abbrev  0x000000000000042c       0x14 /usr/lib/gcc/arm-none-eabi/6.3.1/libgcc.a(_dvmd_tls.o)

.debug_aranges  0x0000000000000000       0xd8
 .debug_aranges
                0x0000000000000000       0x20 build/Entry.os
 .debug_aranges
                0x0000000000000020       0x20 build/Main.o
 .debug_aranges
                0x0000000000000040       0x18 build/Regs.o
 .debug_aranges
                0x0000000000000058       0x20 build/Uart.o
 .debug_aranges
                0x0000000000000078       0x20 build/stdio.o
 .debug_aranges
                0x0000000000000098       0x20 /usr/lib/gcc/arm-none-eabi/6.3.1/libgcc.a(_udivsi3.o)
 .debug_aranges
                0x00000000000000b8       0x20 /usr/lib/gcc/arm-none-eabi/6.3.1/libgcc.a(_dvmd_tls.o)

.debug_str      0x0000000000000000      0x511
 .debug_str     0x0000000000000000      0x101 build/Main.o
                                        0x11f (size before relaxing)
 .debug_str     0x0000000000000101      0x34d build/Regs.o
                                        0x3d8 (size before relaxing)
 .debug_str     0x000000000000044e       0x47 build/Uart.o
                                        0x417 (size before relaxing)
 .debug_str     0x0000000000000495       0x7c build/stdio.o
                                        0x184 (size before relaxing)

.debug_frame    0x0000000000000000      0x1a8
 .debug_frame   0x0000000000000000       0x6c build/Main.o
 .debug_frame   0x000000000000006c       0x70 build/Uart.o
 .debug_frame   0x00000000000000dc       0xac build/stdio.o
 .debug_frame   0x0000000000000188       0x20 /usr/lib/gcc/arm-none-eabi/6.3.1/libgcc.a(_udivsi3.o)
