Archive member included to satisfy reference by file (symbol)

/usr/lib/gcc/arm-none-eabi/6.3.1/libgcc.a(_udivsi3.o)
                              build/stdio.o (__aeabi_uidiv)
/usr/lib/gcc/arm-none-eabi/6.3.1/libgcc.a(_dvmd_tls.o)
                              /usr/lib/gcc/arm-none-eabi/6.3.1/libgcc.a(_udivsi3.o) (__aeabi_idiv0)

Memory Configuration

Name             Origin             Length             Attributes
*default*        0x0000000000000000 0xffffffffffffffff

Linker script and memory map

LOAD build/Entry.os
LOAD build/Main.o
LOAD build/Handler.o
LOAD build/Regs.o
LOAD build/Interrupt.o
LOAD build/Uart.o
LOAD build/stdio.o
LOAD build/armcpu.o
LOAD /usr/lib/gcc/arm-none-eabi/6.3.1/libgcc.a
                0x0000000000000000                . = 0x0

.text           0x0000000000000000      0xd68
 *(vector_start)
 *(.text .rodata)
 .text          0x0000000000000000       0xd4 build/Entry.os
                0x0000000000000000                vector_start
                0x000000000000003c                vector_end
 .text          0x00000000000000d4      0x10c build/Main.o
                0x00000000000000d4                main
 .rodata        0x00000000000001e0       0x9b build/Main.o
 *fill*         0x000000000000027b        0x1 
 .text          0x000000000000027c       0x24 build/Handler.o
                0x000000000000027c                Irq_Handler
                0x0000000000000298                Fiq_Handler
 .text          0x00000000000002a0        0x0 build/Regs.o
 .text          0x00000000000002a0      0x2ec build/Interrupt.o
                0x00000000000002a0                Hal_interrupt_init
                0x000000000000033c                Hal_interrupt_enable
                0x0000000000000400                Hal_interrupt_disable
                0x00000000000004cc                Hal_interrupt_register_handler
                0x0000000000000504                Hal_interrupt_run_handler
 .text          0x000000000000058c      0x1b4 build/Uart.o
                0x000000000000058c                Hal_uart_init
                0x000000000000062c                Hal_uart_put_char
                0x0000000000000688                Hal_uart_get_char
 .text          0x0000000000000740      0x458 build/stdio.o
                0x0000000000000740                putstr
                0x00000000000007a0                debug_printf
                0x00000000000007f0                vsprintf
                0x0000000000000a74                utoa
 .rodata        0x0000000000000b98        0x7 build/stdio.o
 *fill*         0x0000000000000b9f        0x1 
 .text          0x0000000000000ba0       0xb0 build/armcpu.o
                0x0000000000000ba0                enable_irq
                0x0000000000000bcc                enable_fiq
                0x0000000000000bf8                disable_irq
                0x0000000000000c24                disable_fiq
 .text          0x0000000000000c50      0x114 /usr/lib/gcc/arm-none-eabi/6.3.1/libgcc.a(_udivsi3.o)
                0x0000000000000c50                __udivsi3
                0x0000000000000c50                __aeabi_uidiv
                0x0000000000000d44                __aeabi_uidivmod
 .text          0x0000000000000d64        0x4 /usr/lib/gcc/arm-none-eabi/6.3.1/libgcc.a(_dvmd_tls.o)
                0x0000000000000d64                __aeabi_ldiv0
                0x0000000000000d64                __aeabi_idiv0

.glue_7         0x0000000000000d68        0x0
 .glue_7        0x0000000000000d68        0x0 linker stubs

.glue_7t        0x0000000000000d68        0x0
 .glue_7t       0x0000000000000d68        0x0 linker stubs

.vfp11_veneer   0x0000000000000d68        0x0
 .vfp11_veneer  0x0000000000000d68        0x0 linker stubs

.v4_bx          0x0000000000000d68        0x0
 .v4_bx         0x0000000000000d68        0x0 linker stubs

.iplt           0x0000000000000d68        0x0
 .iplt          0x0000000000000d68        0x0 build/Entry.os

.rel.dyn        0x0000000000000d68        0x0
 .rel.iplt      0x0000000000000d68        0x0 build/Entry.os

.data           0x0000000000000d68        0xc
 *(.data)
 .data          0x0000000000000d68        0x0 build/Entry.os
 .data          0x0000000000000d68        0x0 build/Main.o
 .data          0x0000000000000d68        0x0 build/Handler.o
 .data          0x0000000000000d68        0xc build/Regs.o
                0x0000000000000d68                Uart
                0x0000000000000d6c                GicCpu
                0x0000000000000d70                GicDist
 .data          0x0000000000000d74        0x0 build/Interrupt.o
 .data          0x0000000000000d74        0x0 build/Uart.o
 .data          0x0000000000000d74        0x0 build/stdio.o
 .data          0x0000000000000d74        0x0 build/armcpu.o
 .data          0x0000000000000d74        0x0 /usr/lib/gcc/arm-none-eabi/6.3.1/libgcc.a(_udivsi3.o)
 .data          0x0000000000000d74        0x0 /usr/lib/gcc/arm-none-eabi/6.3.1/libgcc.a(_dvmd_tls.o)

.igot.plt       0x0000000000000d74        0x0
 .igot.plt      0x0000000000000d74        0x0 build/Entry.os

.bss            0x0000000000000d74      0x7fc
 *(.bss)
 .bss           0x0000000000000d74        0x0 build/Entry.os
 .bss           0x0000000000000d74        0x0 build/Main.o
 .bss           0x0000000000000d74        0x0 build/Handler.o
 .bss           0x0000000000000d74        0x0 build/Regs.o
 .bss           0x0000000000000d74      0x3fc build/Interrupt.o
 .bss           0x0000000000001170        0x0 build/Uart.o
 .bss           0x0000000000001170      0x400 build/stdio.o
 .bss           0x0000000000001570        0x0 build/armcpu.o
 .bss           0x0000000000001570        0x0 /usr/lib/gcc/arm-none-eabi/6.3.1/libgcc.a(_udivsi3.o)
 .bss           0x0000000000001570        0x0 /usr/lib/gcc/arm-none-eabi/6.3.1/libgcc.a(_dvmd_tls.o)
OUTPUT(build/navilos.axf elf32-littlearm)

.ARM.attributes
                0x0000000000000000       0x33
 .ARM.attributes
                0x0000000000000000       0x25 build/Entry.os
 .ARM.attributes
                0x0000000000000025       0x37 build/Main.o
 .ARM.attributes
                0x000000000000005c       0x37 build/Handler.o
 .ARM.attributes
                0x0000000000000093       0x37 build/Regs.o
 .ARM.attributes
                0x00000000000000ca       0x37 build/Interrupt.o
 .ARM.attributes
                0x0000000000000101       0x37 build/Uart.o
 .ARM.attributes
                0x0000000000000138       0x37 build/stdio.o
 .ARM.attributes
                0x000000000000016f       0x37 build/armcpu.o
 .ARM.attributes
                0x00000000000001a6       0x18 /usr/lib/gcc/arm-none-eabi/6.3.1/libgcc.a(_udivsi3.o)
 .ARM.attributes
                0x00000000000001be       0x18 /usr/lib/gcc/arm-none-eabi/6.3.1/libgcc.a(_dvmd_tls.o)

.comment        0x0000000000000000       0x31
 .comment       0x0000000000000000       0x31 build/Main.o
                                         0x32 (size before relaxing)
 .comment       0x0000000000000031       0x32 build/Handler.o
 .comment       0x0000000000000031       0x32 build/Regs.o
 .comment       0x0000000000000031       0x32 build/Interrupt.o
 .comment       0x0000000000000031       0x32 build/Uart.o
 .comment       0x0000000000000031       0x32 build/stdio.o
 .comment       0x0000000000000031       0x32 build/armcpu.o

.debug_line     0x0000000000000000      0x4b9
 .debug_line    0x0000000000000000       0x6d build/Entry.os
 .debug_line    0x000000000000006d       0x6b build/Main.o
 .debug_line    0x00000000000000d8       0x46 build/Handler.o
 .debug_line    0x000000000000011e       0x5d build/Regs.o
 .debug_line    0x000000000000017b       0xca build/Interrupt.o
 .debug_line    0x0000000000000245       0x83 build/Uart.o
 .debug_line    0x00000000000002c8       0xc7 build/stdio.o
 .debug_line    0x000000000000038f       0x57 build/armcpu.o
 .debug_line    0x00000000000003e6       0x78 /usr/lib/gcc/arm-none-eabi/6.3.1/libgcc.a(_udivsi3.o)
 .debug_line    0x000000000000045e       0x5b /usr/lib/gcc/arm-none-eabi/6.3.1/libgcc.a(_dvmd_tls.o)

.debug_info     0x0000000000000000     0x267d
 .debug_info    0x0000000000000000       0x4c build/Entry.os
 .debug_info    0x000000000000004c       0xe3 build/Main.o
 .debug_info    0x000000000000012f       0x80 build/Handler.o
 .debug_info    0x00000000000001af      0xf30 build/Regs.o
 .debug_info    0x00000000000010df      0x62c build/Interrupt.o
 .debug_info    0x000000000000170b      0xb09 build/Uart.o
 .debug_info    0x0000000000002214      0x2a3 build/stdio.o
 .debug_info    0x00000000000024b7       0x6a build/armcpu.o
 .debug_info    0x0000000000002521       0xae /usr/lib/gcc/arm-none-eabi/6.3.1/libgcc.a(_udivsi3.o)
 .debug_info    0x00000000000025cf       0xae /usr/lib/gcc/arm-none-eabi/6.3.1/libgcc.a(_dvmd_tls.o)

.debug_abbrev   0x0000000000000000      0x67c
 .debug_abbrev  0x0000000000000000       0x14 build/Entry.os
 .debug_abbrev  0x0000000000000014       0xa4 build/Main.o
 .debug_abbrev  0x00000000000000b8       0x5a build/Handler.o
 .debug_abbrev  0x0000000000000112      0x102 build/Regs.o
 .debug_abbrev  0x0000000000000214      0x17a build/Interrupt.o
 .debug_abbrev  0x000000000000038e      0x17b build/Uart.o
 .debug_abbrev  0x0000000000000509      0x11f build/stdio.o
 .debug_abbrev  0x0000000000000628       0x2c build/armcpu.o
 .debug_abbrev  0x0000000000000654       0x14 /usr/lib/gcc/arm-none-eabi/6.3.1/libgcc.a(_udivsi3.o)
 .debug_abbrev  0x0000000000000668       0x14 /usr/lib/gcc/arm-none-eabi/6.3.1/libgcc.a(_dvmd_tls.o)

.debug_aranges  0x0000000000000000      0x138
 .debug_aranges
                0x0000000000000000       0x20 build/Entry.os
 .debug_aranges
                0x0000000000000020       0x20 build/Main.o
 .debug_aranges
                0x0000000000000040       0x20 build/Handler.o
 .debug_aranges
                0x0000000000000060       0x18 build/Regs.o
 .debug_aranges
                0x0000000000000078       0x20 build/Interrupt.o
 .debug_aranges
                0x0000000000000098       0x20 build/Uart.o
 .debug_aranges
                0x00000000000000b8       0x20 build/stdio.o
 .debug_aranges
                0x00000000000000d8       0x20 build/armcpu.o
 .debug_aranges
                0x00000000000000f8       0x20 /usr/lib/gcc/arm-none-eabi/6.3.1/libgcc.a(_udivsi3.o)
 .debug_aranges
                0x0000000000000118       0x20 /usr/lib/gcc/arm-none-eabi/6.3.1/libgcc.a(_dvmd_tls.o)

.debug_str      0x0000000000000000      0x7d1
 .debug_str     0x0000000000000000       0xf9 build/Main.o
                                        0x117 (size before relaxing)
 .debug_str     0x00000000000000f9       0x27 build/Handler.o
                                        0x103 (size before relaxing)
 .debug_str     0x0000000000000120      0x4de build/Regs.o
                                        0x5c3 (size before relaxing)
 .debug_str     0x00000000000005fe       0xbb build/Interrupt.o
                                        0x3b0 (size before relaxing)
 .debug_str     0x00000000000006b9       0x61 build/Uart.o
                                        0x441 (size before relaxing)
 .debug_str     0x000000000000071a       0x7c build/stdio.o
                                        0x184 (size before relaxing)
 .debug_str     0x0000000000000796       0x3b build/armcpu.o
                                         0xae (size before relaxing)

.debug_frame    0x0000000000000000      0x350
 .debug_frame   0x0000000000000000       0x68 build/Main.o
 .debug_frame   0x0000000000000068       0x50 build/Handler.o
 .debug_frame   0x00000000000000b8       0xb0 build/Interrupt.o
 .debug_frame   0x0000000000000168       0x8c build/Uart.o
 .debug_frame   0x00000000000001f4       0xac build/stdio.o
 .debug_frame   0x00000000000002a0       0x90 build/armcpu.o
 .debug_frame   0x0000000000000330       0x20 /usr/lib/gcc/arm-none-eabi/6.3.1/libgcc.a(_udivsi3.o)
